
> github-copilot-usage-analyzer@1.0.0 build
> tsc -b --noCheck && vite build

[36mvite v6.3.5 [32mbuilding for production...[36m[39m
transforming...
[32m✓[39m 6834 modules transformed.
rendering chunks...
computing gzip size...
[2mdist/[22m[32mindex.html                [39m[1m[2m  0.66 kB[22m[1m[22m[2m │ gzip:   0.42 kB[22m
[2mdist/[22m[2massets/[22m[35mmain-boSpSA9f.css  [39m[1m[2m337.48 kB[22m[1m[22m[2m │ gzip:  64.11 kB[22m
[2mdist/[22m[2massets/[22m[36mmain-DEuW4WDz.js   [39m[1m[33m655.85 kB[39m[22m[2m │ gzip: 198.75 kB[22m
[33m
(!) Some chunks are larger than 500 kB after minification. Consider:
- Using dynamic import() to code-split the application
- Use build.rollupOptions.output.manualChunks to improve chunking: https://rollupjs.org/configuration-options/#output-manualchunks
- Adjust chunk size limit for this warning via build.chunkSizeWarningLimit.[39m
[32m✓ built in 8.26s[39m
